<html>
<body>
<pre>
<h1>µVision Build Log</h1>
<h2>Project:</h2>
D:\STM32 project\Clock_Advanced\MDK-ARM\Clock_Advanced.uvproj
Project File Date:  04/23/2024

<h2>Output:</h2>
Build target 'Clock_Advanced'
assembling startup_stm32f103xb.s...
compiling main.c...
linking...
Program Size: Code=16636 RO-data=864 RW-data=40 ZI-data=1888  
FromELF: creating hex file...
"Clock_Advanced\Clock_Advanced.axf" - 0 Errors, 0 Warning(s).
Build target 'Clock_Advanced'
linking...
Program Size: Code=16636 RO-data=864 RW-data=40 ZI-data=1888  
FromELF: creating hex file...
"Clock_Advanced\Clock_Advanced.axf" - 0 Errors, 0 Warning(s).
Load "Clock_Advanced\\Clock_Advanced.axf" 
Full Chip Erase Done.
Programming Done.
Verify OK.
Application running ...
Load "Clock_Advanced\\Clock_Advanced.axf" 
Full Chip Erase Done.
Programming Done.
Verify OK.
Application running ...
Build target 'Clock_Advanced'
compiling main.c...
linking...
Program Size: Code=16652 RO-data=864 RW-data=40 ZI-data=1888  
FromELF: creating hex file...
"Clock_Advanced\Clock_Advanced.axf" - 0 Errors, 0 Warning(s).
Rebuild target 'Clock_Advanced'
assembling startup_stm32f103xb.s...
compiling main.c...
compiling stm32f1xx_it.c...
compiling stm32f1xx_hal_msp.c...
compiling stm32f1xx_hal_gpio_ex.c...
compiling stm32f1xx_hal_i2c.c...
"Clock_Advanced\Clock_Advanced.axf" - 0 Errors, 0 Warning(s).
Project build/rebuild aborted.
Load "Clock_Advanced\\Clock_Advanced.axf" 
Full Chip Erase Done.
Programming Done.
Verify OK.
Application running ...
Load "Clock_Advanced\\Clock_Advanced.axf" 
Full Chip Erase Done.
Programming Done.
Verify OK.
Application running ...
Load "Clock_Advanced\\Clock_Advanced.axf" 
Full Chip Erase Done.
Programming Done.
Verify OK.
Application running ...
Load "Clock_Advanced\\Clock_Advanced.axf" 
Full Chip Erase Done.
Programming Done.
Verify OK.
Application running ...
Build target 'Clock_Advanced'
compiling main.c...
linking...
Program Size: Code=16652 RO-data=864 RW-data=40 ZI-data=1888  
FromELF: creating hex file...
"Clock_Advanced\Clock_Advanced.axf" - 0 Errors, 0 Warning(s).
Build target 'Clock_Advanced'
compiling main.c...
linking...
Program Size: Code=16652 RO-data=864 RW-data=40 ZI-data=1888  
FromELF: creating hex file...
"Clock_Advanced\Clock_Advanced.axf" - 0 Errors, 0 Warning(s).
Load "Clock_Advanced\\Clock_Advanced.axf" 
Full Chip Erase Done.
Programming Done.
Verify OK.
Application running ...
Build target 'Clock_Advanced'
compiling main.c...
linking...
Program Size: Code=16652 RO-data=864 RW-data=40 ZI-data=1888  
FromELF: creating hex file...
"Clock_Advanced\Clock_Advanced.axf" - 0 Errors, 0 Warning(s).
Load "Clock_Advanced\\Clock_Advanced.axf" 
Full Chip Erase Done.
Programming Done.
Verify OK.
Application running ...
Load "Clock_Advanced\\Clock_Advanced.axf" 
Full Chip Erase Done.
Programming Done.
Verify OK.
Application running ...
Build target 'Clock_Advanced'
compiling main.c...
linking...
Program Size: Code=16652 RO-data=864 RW-data=40 ZI-data=1888  
FromELF: creating hex file...
"Clock_Advanced\Clock_Advanced.axf" - 0 Errors, 0 Warning(s).
Load "Clock_Advanced\\Clock_Advanced.axf" 
Full Chip Erase Done.
Programming Done.
Verify OK.
Application running ...
Build target 'Clock_Advanced'
compiling main.c...
linking...
Program Size: Code=16652 RO-data=864 RW-data=40 ZI-data=1888  
FromELF: creating hex file...
"Clock_Advanced\Clock_Advanced.axf" - 0 Errors, 0 Warning(s).
Load "Clock_Advanced\\Clock_Advanced.axf" 
Full Chip Erase Done.
Programming Done.
Verify OK.
Application running ...
Load "Clock_Advanced\\Clock_Advanced.axf" 
Full Chip Erase Done.
Programming Done.
Verify OK.
Application running ...
Build target 'Clock_Advanced'
compiling main.c...
linking...
Program Size: Code=16652 RO-data=864 RW-data=40 ZI-data=1888  
FromELF: creating hex file...
"Clock_Advanced\Clock_Advanced.axf" - 0 Errors, 0 Warning(s).
Load "Clock_Advanced\\Clock_Advanced.axf" 
Full Chip Erase Done.
Programming Done.
Verify OK.
Application running ...
Build target 'Clock_Advanced'
linking...
Program Size: Code=16652 RO-data=864 RW-data=40 ZI-data=1888  
FromELF: creating hex file...
"Clock_Advanced\Clock_Advanced.axf" - 0 Errors, 0 Warning(s).
Load "Clock_Advanced\\Clock_Advanced.axf" 
Full Chip Erase Done.
Programming Done.
Verify OK.
Application running ...
Load "Clock_Advanced\\Clock_Advanced.axf" 
Full Chip Erase Done.
Programming Done.
Verify OK.
Application running ...
Load "Clock_Advanced\\Clock_Advanced.axf" 
Full Chip Erase Done.
Programming Done.
Verify OK.
Application running ...
Load "Clock_Advanced\\Clock_Advanced.axf" 
Full Chip Erase Done.
Programming Done.
Verify OK.
Application running ...
Build target 'Clock_Advanced'
compiling main.c...
linking...
Program Size: Code=16652 RO-data=864 RW-data=40 ZI-data=1888  
FromELF: creating hex file...
"Clock_Advanced\Clock_Advanced.axf" - 0 Errors, 0 Warning(s).
Load "Clock_Advanced\\Clock_Advanced.axf" 
Full Chip Erase Done.
Programming Done.
Verify OK.
Application running ...
Build target 'Clock_Advanced'
compiling main.c...
../Core/Src/main.c(175): error:  #65: expected a ";"
"Clock_Advanced\Clock_Advanced.axf" - 1 Errors, 0 Warning(s).
Target not created
Build target 'Clock_Advanced'
compiling main.c...
linking...
Program Size: Code=16624 RO-data=864 RW-data=40 ZI-data=1888  
FromELF: creating hex file...
"Clock_Advanced\Clock_Advanced.axf" - 0 Errors, 0 Warning(s).
Load "Clock_Advanced\\Clock_Advanced.axf" 
Full Chip Erase Done.
Programming Done.
Verify OK.
Application running ...
Build target 'Clock_Advanced'
compiling main.c...
linking...
Program Size: Code=16624 RO-data=864 RW-data=40 ZI-data=1888  
FromELF: creating hex file...
"Clock_Advanced\Clock_Advanced.axf" - 0 Errors, 0 Warning(s).
Load "Clock_Advanced\\Clock_Advanced.axf" 
Full Chip Erase Done.
Programming Done.
Verify OK.
Application running ...
Build target 'Clock_Advanced'
compiling main.c...
linking...
Program Size: Code=16652 RO-data=864 RW-data=40 ZI-data=1888  
FromELF: creating hex file...
"Clock_Advanced\Clock_Advanced.axf" - 0 Errors, 0 Warning(s).
Load "Clock_Advanced\\Clock_Advanced.axf" 
Full Chip Erase Done.
Programming Done.
Verify OK.
Application running ...
Build target 'Clock_Advanced'
compiling main.c...
linking...
Program Size: Code=16652 RO-data=864 RW-data=40 ZI-data=1888  
FromELF: creating hex file...
"Clock_Advanced\Clock_Advanced.axf" - 0 Errors, 0 Warning(s).
Load "Clock_Advanced\\Clock_Advanced.axf" 
Full Chip Erase Done.
Programming Done.
Verify OK.
Application running ...
Load "Clock_Advanced\\Clock_Advanced.axf" 
Full Chip Erase Done.
Programming Done.
Verify OK.
Application running ...
